// Jest Snapshot v1, https://goo.gl/fbAQLP

exports[`UserForm Organism Component Rendering and Interaction should render correctly and match the snapshot 1`] = `
<RCTScrollView
  contentContainerStyle={
    {
      "flexGrow": 1,
    }
  }
  keyboardShouldPersistTaps="handled"
>
  <View>
    <View
      style={
        {
          "flex": 1,
        }
      }
    >
      <View
        style={
          {
            "marginBottom": 8,
          }
        }
      >
        <View
          style={
            [
              {
                "borderBottomColor": "#e0e0e0",
                "borderBottomWidth": 1,
              },
              false,
            ]
          }
        >
          <TextInput
            onBlur={[Function]}
            onChangeText={[Function]}
            placeholder="First Name"
            placeholderTextColor="#a0a0a0"
            style={
              [
                {
                  "color": "#191a1a",
                  "fontSize": 16,
                  "paddingVertical": 12,
                },
                undefined,
              ]
            }
            value=""
          />
        </View>
        <View
          style={
            {
              "height": 20,
              "justifyContent": "center",
            }
          }
        />
      </View>
      <View
        style={
          {
            "marginBottom": 8,
          }
        }
      >
        <View
          style={
            [
              {
                "borderBottomColor": "#e0e0e0",
                "borderBottomWidth": 1,
              },
              false,
            ]
          }
        >
          <TextInput
            onBlur={[Function]}
            onChangeText={[Function]}
            placeholder="Last Name"
            placeholderTextColor="#a0a0a0"
            style={
              [
                {
                  "color": "#191a1a",
                  "fontSize": 16,
                  "paddingVertical": 12,
                },
                undefined,
              ]
            }
            value=""
          />
        </View>
        <View
          style={
            {
              "height": 20,
              "justifyContent": "center",
            }
          }
        />
      </View>
      <View
        style={
          {
            "marginBottom": 8,
          }
        }
      >
        <View
          style={
            [
              {
                "borderBottomColor": "#e0e0e0",
                "borderBottomWidth": 1,
              },
              false,
            ]
          }
        >
          <TextInput
            autoCapitalize="none"
            keyboardType="email-address"
            onBlur={[Function]}
            onChangeText={[Function]}
            placeholder="Email"
            placeholderTextColor="#a0a0a0"
            style={
              [
                {
                  "color": "#191a1a",
                  "fontSize": 16,
                  "paddingVertical": 12,
                },
                undefined,
              ]
            }
            value=""
          />
        </View>
        <View
          style={
            {
              "height": 20,
              "justifyContent": "center",
            }
          }
        />
      </View>
      <Text
        style={
          {
            "color": "#666",
            "fontSize": 16,
            "marginBottom": 12,
            "marginTop": 16,
          }
        }
      >
        User Role
      </Text>
      <View
        onLayout={[Function]}
        style={
          [
            {
              "backgroundColor": "#f0f2f5",
              "borderRadius": 22,
              "height": 44,
              "padding": 4,
            },
            {
              "backgroundColor": "#f0f2f5",
              "borderRadius": 22,
              "height": 44,
            },
          ]
        }
        testID="userform-tabsgroup-container"
      >
        <View
          style={
            {
              "flex": 1,
              "flexDirection": "row",
              "position": "relative",
            }
          }
        >
          <View
            collapsable={false}
            style={
              {
                "backgroundColor": "#e3effa",
                "borderColor": "#0b5ac1",
                "borderRadius": 18,
                "borderWidth": 1,
                "height": "100%",
                "position": "absolute",
                "transform": [
                  {
                    "translateX": 96,
                  },
                ],
                "width": 96,
              }
            }
          />
          <View
            accessibilityState={
              {
                "busy": undefined,
                "checked": undefined,
                "disabled": undefined,
                "expanded": undefined,
                "selected": undefined,
              }
            }
            accessibilityValue={
              {
                "max": undefined,
                "min": undefined,
                "now": undefined,
                "text": undefined,
              }
            }
            accessible={true}
            collapsable={false}
            focusable={true}
            onClick={[Function]}
            onResponderGrant={[Function]}
            onResponderMove={[Function]}
            onResponderRelease={[Function]}
            onResponderTerminate={[Function]}
            onResponderTerminationRequest={[Function]}
            onStartShouldSetResponder={[Function]}
            style={
              {
                "alignItems": "center",
                "height": "100%",
                "justifyContent": "center",
                "opacity": 1,
                "width": 96,
              }
            }
            testID="userform-tabsgroup-0"
          >
            <Text
              style={
                [
                  {
                    "color": "#666",
                    "fontSize": 16,
                    "fontWeight": "500",
                  },
                  false,
                ]
              }
            >
              Admin
            </Text>
          </View>
          <View
            accessibilityState={
              {
                "busy": undefined,
                "checked": undefined,
                "disabled": undefined,
                "expanded": undefined,
                "selected": undefined,
              }
            }
            accessibilityValue={
              {
                "max": undefined,
                "min": undefined,
                "now": undefined,
                "text": undefined,
              }
            }
            accessible={true}
            collapsable={false}
            focusable={true}
            onClick={[Function]}
            onResponderGrant={[Function]}
            onResponderMove={[Function]}
            onResponderRelease={[Function]}
            onResponderTerminate={[Function]}
            onResponderTerminationRequest={[Function]}
            onStartShouldSetResponder={[Function]}
            style={
              {
                "alignItems": "center",
                "height": "100%",
                "justifyContent": "center",
                "opacity": 1,
                "width": 96,
              }
            }
            testID="userform-tabsgroup-1"
          >
            <Text
              style={
                [
                  {
                    "color": "#666",
                    "fontSize": 16,
                    "fontWeight": "500",
                  },
                  {
                    "color": "#0b5ac2",
                    "fontWeight": "500",
                  },
                ]
              }
            >
              Manager
            </Text>
          </View>
        </View>
      </View>
    </View>
    <View
      style={
        {
          "paddingVertical": 20,
        }
      }
    >
      <View
        accessibilityState={
          {
            "busy": undefined,
            "checked": undefined,
            "disabled": undefined,
            "expanded": undefined,
            "selected": undefined,
          }
        }
        accessibilityValue={
          {
            "max": undefined,
            "min": undefined,
            "now": undefined,
            "text": undefined,
          }
        }
        accessible={true}
        collapsable={false}
        focusable={true}
        onClick={[Function]}
        onResponderGrant={[Function]}
        onResponderMove={[Function]}
        onResponderRelease={[Function]}
        onResponderTerminate={[Function]}
        onResponderTerminationRequest={[Function]}
        onStartShouldSetResponder={[Function]}
        style={
          {
            "alignItems": "center",
            "backgroundColor": "#0b5ac2",
            "borderRadius": 22,
            "justifyContent": "center",
            "opacity": 1,
            "padding": 16,
          }
        }
      >
        <Text
          style={
            {
              "color": "#fff",
              "fontSize": 18,
              "fontWeight": "bold",
            }
          }
        >
          Create
        </Text>
      </View>
    </View>
  </View>
</RCTScrollView>
`;
